-------------------------------------------------------------------------------
      name:  mrmedian
       log:  /Users/eptmp/Documents/GitHub/mrrobust/cscripts/mrmedian.log
  log type:  text
 opened on:  25 Jul 2024, 09:18:30

. * mrmedian test code
. * 3jun2016
. 
. cscript mrmedian adofiles mrmedian
-----------------------------------------------------------------BEGIN mrmedian

-> which mrmedian, usesysdir
/Users/eptmp/Documents/GitHub/mrrobust/mrmedian.ado
*! version 0.1.0 03jun2016 Tom Palmer

. 
. about

StataNow/MP 18.5 for Mac (Apple Silicon)
Revision 16 Jul 2024
Copyright 1985-2023 StataCorp LLC

Total physical memory: 18.00 GB

Stata license: Unlimited-user 2-core network, expiring 29 Jan 2025
Serial number: 501809305331
  Licensed to: Tom Palmer
               University of Bristol

. 
. use https://raw.github.com/remlapmot/mrrobust/master/dodata, clear

. 
. *** test error messages
. rcof "noi mrmedian chdbeta" == 102
too few variables specified

. rcof "noi mrmedian chdbeta chdse" == 102
too few variables specified

. rcof "noi mrmedian chdbeta chdse ldlcbeta" == 102
too few variables specified

. rcof "noi mrmedian chdbeta chdse ldlcbeta ldlcse hdlcbeta" == 103
too many variables specified

. 
. rcof "noi mrmedian chdbeta chdse ldlcbeta ldlcse, weighted penweighted" == 19
> 8
Specify both weighted and penweighted options is not allowed.

. 
. *** ldlc - analysis 1
. gen byte sel1 = (ldlcp2 < 1e-8)

. 
. ** unweighted median
. mrmedian chdbeta chdse ldlcbeta ldlcse if sel1

                                                      Number of genotypes = 73
                                                           Replications = 1000
------------------------------------------------------------------------------
             | Coefficient  Std. err.      z    P>|z|     [95% conf. interval]
-------------+----------------------------------------------------------------
        beta |   .4285714   .0700946     6.11   0.000     .2911886    .5659543
------------------------------------------------------------------------------

. assert abs(_b[beta] - .429) < 1e-3

. assert abs(_se[beta] - .07) < 1e-2

. mat list r(table)

r(table)[9,1]
             beta
     b  .42857143
    se  .07009459
     z  6.1141868
pvalue  9.705e-10
    ll  .29118855
    ul   .5659543
    df          .
  crit   1.959964
 eform          0

. 
. mrmedian chdbeta chdse ldlcbeta ldlcse if sel1, seed(12345)

                                                      Number of genotypes = 73
                                                           Replications = 1000
------------------------------------------------------------------------------
             | Coefficient  Std. err.      z    P>|z|     [95% conf. interval]
-------------+----------------------------------------------------------------
        beta |   .4285714   .0718147     5.97   0.000     .2878172    .5693257
------------------------------------------------------------------------------

. scalar b1 = _b[beta]

. scalar s1 = _se[beta]

. 
. mrmedian chdbeta chdse ldlcbeta ldlcse if sel1, seed(12345)

                                                      Number of genotypes = 73
                                                           Replications = 1000
------------------------------------------------------------------------------
             | Coefficient  Std. err.      z    P>|z|     [95% conf. interval]
-------------+----------------------------------------------------------------
        beta |   .4285714   .0718147     5.97   0.000     .2878172    .5693257
------------------------------------------------------------------------------

. assert abs(_b[beta] - scalar(b1)) < 1e-7

. assert abs(_se[beta] - scalar(s1)) < 1e-7

. 
. ** weighted median
. mrmedian chdbeta chdse ldlcbeta ldlcse if sel1, weighted

                                                      Number of genotypes = 73
                                                           Replications = 1000
------------------------------------------------------------------------------
             | Coefficient  Std. err.      z    P>|z|     [95% conf. interval]
-------------+----------------------------------------------------------------
        beta |   .4582573   .0663262     6.91   0.000     .3282604    .5882543
------------------------------------------------------------------------------

. assert abs(_b[beta] - .458) < 1e-3

. assert abs(_se[beta] - .06) < 1e-2

. mat list r(table)

r(table)[9,1]
             beta
     b  .45825733
    se   .0663262
     z  6.9091453
pvalue  4.876e-12
    ll  .32826037
    ul  .58825428
    df          .
  crit   1.959964
 eform          0

. 
. ** penalized weighted
. mrmedian chdbeta chdse ldlcbeta ldlcse if sel1, penweighted

                                                      Number of genotypes = 73
                                                           Replications = 1000
------------------------------------------------------------------------------
             | Coefficient  Std. err.      z    P>|z|     [95% conf. interval]
-------------+----------------------------------------------------------------
        beta |    .456997   .0630116     7.25   0.000     .3334965    .5804976
------------------------------------------------------------------------------

. assert abs(_b[beta] - .457) < 1e-3

. assert abs(_se[beta] - .06) < 1e-2

. mat list r(table)

r(table)[9,1]
             beta
     b  .45699704
    se  .06301164
     z  7.2525815
pvalue  4.089e-13
    ll   .3334965
    ul  .58049758
    df          .
  crit   1.959964
 eform          0

. 
. *** test ereturn results
. mrmedian chdbeta chdse ldlcbeta ldlcse if sel1

                                                      Number of genotypes = 73
                                                           Replications = 1000
------------------------------------------------------------------------------
             | Coefficient  Std. err.      z    P>|z|     [95% conf. interval]
-------------+----------------------------------------------------------------
        beta |   .4285714   .0717656     5.97   0.000     .2879134    .5692295
------------------------------------------------------------------------------

. assert e(cmd) == "mrmedian"

. assert e(cmdline) == "mrmedian chdbeta chdse ldlcbeta ldlcse if sel1"

. assert e(k) == 73

. assert e(properties) == "b V"

. 
. *** test in condition
. gen int order = _n

. gsort -sel1

. 
. mrmedian chdbeta chdse ldlcbeta ldlcse in 1/73, seed(12345)

                                                      Number of genotypes = 73
                                                           Replications = 1000
------------------------------------------------------------------------------
             | Coefficient  Std. err.      z    P>|z|     [95% conf. interval]
-------------+----------------------------------------------------------------
        beta |   .4285714    .071895     5.96   0.000     .2876599     .569483
------------------------------------------------------------------------------

. scalar b2 = _b[beta]

. scalar s2 = _se[beta]

. 
. mrmedian chdbeta chdse ldlcbeta ldlcse in 1/73, seed(12345)

                                                      Number of genotypes = 73
                                                           Replications = 1000
------------------------------------------------------------------------------
             | Coefficient  Std. err.      z    P>|z|     [95% conf. interval]
-------------+----------------------------------------------------------------
        beta |   .4285714    .071895     5.96   0.000     .2876599     .569483
------------------------------------------------------------------------------

. assert e(k) == 73

. assert abs(_b[beta] - scalar(b2)) < 1e-7

. assert abs(_se[beta] - scalar(s2)) < 1e-7

. 
. *** test reps option
. sort order

. mrmedian chdbeta chdse ldlcbeta ldlcse if sel1, seed(12345) reps(50)

                                                      Number of genotypes = 73
                                                             Replications = 50
------------------------------------------------------------------------------
             | Coefficient  Std. err.      z    P>|z|     [95% conf. interval]
-------------+----------------------------------------------------------------
        beta |   .4285714   .0825383     5.19   0.000     .2667993    .5903436
------------------------------------------------------------------------------

. scalar b3 = _b[beta]

. scalar s3 = _se[beta]

. 
. mrmedian chdbeta chdse ldlcbeta ldlcse if sel1, seed(12345) reps(50)

                                                      Number of genotypes = 73
                                                             Replications = 50
------------------------------------------------------------------------------
             | Coefficient  Std. err.      z    P>|z|     [95% conf. interval]
-------------+----------------------------------------------------------------
        beta |   .4285714   .0825383     5.19   0.000     .2667993    .5903436
------------------------------------------------------------------------------

. assert abs(_b[beta] - scalar(b3)) < 1e-7

. assert abs(_se[beta] - scalar(s3)) < 1e-7

. 
. *** test replay
. discard

. mrmedian chdbeta chdse ldlcbeta ldlcse if sel1

                                                      Number of genotypes = 73
                                                           Replications = 1000
------------------------------------------------------------------------------
             | Coefficient  Std. err.      z    P>|z|     [95% conf. interval]
-------------+----------------------------------------------------------------
        beta |   .4285714   .0709576     6.04   0.000     .2894971    .5676458
------------------------------------------------------------------------------

. mrmedian

                                                      Number of genotypes = 73
                                                           Replications = 1000
------------------------------------------------------------------------------
             | Coefficient  Std. err.      z    P>|z|     [95% conf. interval]
-------------+----------------------------------------------------------------
        beta |   .4285714   .0709576     6.04   0.000     .2894971    .5676458
------------------------------------------------------------------------------

. 
. *** test by: fails with error
. rcof "bysort a2: mrmedian chdbeta chdse ldlcbeta ldlcse if sel1" == 190

. 
. *** test if and in give same SE with same seed and same sort order of the dat
> aset
. keep if sel1
(112 observations deleted)

. mrmedian chdbeta chdse ldlcbeta ldlcse if sel1, seed(12345)

                                                      Number of genotypes = 73
                                                           Replications = 1000
------------------------------------------------------------------------------
             | Coefficient  Std. err.      z    P>|z|     [95% conf. interval]
-------------+----------------------------------------------------------------
        beta |   .4285714   .0714512     6.00   0.000     .2885297    .5686132
------------------------------------------------------------------------------

. scalar b4 = _b[beta]

. scalar s4 = _se[beta]

. 
. mrmedian chdbeta chdse ldlcbeta ldlcse in 1/73, seed(12345)

                                                      Number of genotypes = 73
                                                           Replications = 1000
------------------------------------------------------------------------------
             | Coefficient  Std. err.      z    P>|z|     [95% conf. interval]
-------------+----------------------------------------------------------------
        beta |   .4285714   .0714512     6.00   0.000     .2885297    .5686132
------------------------------------------------------------------------------

. assert abs(_b[beta] - scalar(b4)) < 1e-7

. assert abs(_se[beta] - scalar(s4)) < 1e-7

. 
. ** disallow 2 and 1 genotypes - although median is defined for N=1 and N=2
. rcof "mrmedian chdbeta chdse ldlcbeta ldlcse in 1/2" == 2001

. rcof "mrmedian chdbeta chdse ldlcbeta ldlcse in 1" == 2001

. 
. ** test level option
. mrmedian chdbeta chdse ldlcbeta ldlcse if sel1, seed(12345) level(95)

                                                      Number of genotypes = 73
                                                           Replications = 1000
------------------------------------------------------------------------------
             | Coefficient  Std. err.      z    P>|z|     [95% conf. interval]
-------------+----------------------------------------------------------------
        beta |   .4285714   .0714512     6.00   0.000     .2885297    .5686132
------------------------------------------------------------------------------

. assert abs(_b[beta] - .429) < 1e-3

. assert abs(_se[beta] - .07) < 1e-2

. mrmedian, level(90)

                                                      Number of genotypes = 73
                                                           Replications = 1000
------------------------------------------------------------------------------
             | Coefficient  Std. err.      z    P>|z|     [90% conf. interval]
-------------+----------------------------------------------------------------
        beta |   .4285714   .0714512     6.00   0.000     .3110447    .5460982
------------------------------------------------------------------------------

. 
. mrmedian chdbeta chdse ldlcbeta ldlcse if sel1, seed(12345) level(90)

                                                      Number of genotypes = 73
                                                           Replications = 1000
------------------------------------------------------------------------------
             | Coefficient  Std. err.      z    P>|z|     [90% conf. interval]
-------------+----------------------------------------------------------------
        beta |   .4285714   .0714512     6.00   0.000     .3110447    .5460982
------------------------------------------------------------------------------

. assert abs(_b[beta] - .429) < 1e-3

. assert abs(_se[beta] - .07) < 1e-2

. mrmedian, level(80)

                                                      Number of genotypes = 73
                                                           Replications = 1000
------------------------------------------------------------------------------
             | Coefficient  Std. err.      z    P>|z|     [80% conf. interval]
-------------+----------------------------------------------------------------
        beta |   .4285714   .0714512     6.00   0.000     .3370031    .5201398
------------------------------------------------------------------------------

. 
end of do-file
      name:  mrmedian
       log:  /Users/eptmp/Documents/GitHub/mrrobust/cscripts/mrmedian.log
  log type:  text
 closed on:  25 Jul 2024, 09:18:31
-------------------------------------------------------------------------------
