-------------------------------------------------------------------------------
      name:  mrmvegger
       log:  /Users/tom/Documents/GitHub/mrrobust/cscripts/mrmvegger.log
  log type:  text
 opened on:  10 Sep 2021, 20:46:54

. * mrmvegger cscript
. * 22un2020
. 
. cscript mrmvegger adofiles mrmvegger
----------------------------------------------------------------BEGIN mrmvegger

-> which mrmvegger, usesysdir
/Users/tom/Documents/GitHub/mrrobust/mrmvegger.ado
*! version 0.1.0 23jun2020 Tom Palmer

. 
. * load in dataset
. use https://raw.github.com/remlapmot/mrrobust/master/dodata, clear

. 
. * ldlc - analysis 1
. gen byte sel1 = (ldlcp2 < 1e-8)

. 
. * check univariate estimate
. 
. mregger chdbeta ldlcbeta [aw=1/(chdse^2)] if sel1==1

                                                      Number of genotypes = 73
                                              Residual standard error =  1.548
------------------------------------------------------------------------------
             |      Coef.   Std. Err.      z    P>|z|     [95% Conf. Interval]
-------------+----------------------------------------------------------------
chdbeta      |
       slope |   .6173131   .1034573     5.97   0.000     .4145405    .8200858
       _cons |  -.0087706   .0054812    -1.60   0.110    -.0195136    .0019723
------------------------------------------------------------------------------

. 
. * check univariate
. 
. discard

. mrmvegger chdbeta ldlcbeta [aw=1/(chdse^2)] if sel1==1

                                       MVMR-Egger model oriented wrt: ldlcbeta
                                                      Number of genotypes = 73
                                                      Number of phenotypes = 1
                                              Residual standard error =  1.548
------------------------------------------------------------------------------
             |      Coef.   Std. Err.      z    P>|z|     [95% Conf. Interval]
-------------+----------------------------------------------------------------
chdbeta      |
    ldlcbeta |   .6173131   .1034573     5.97   0.000     .4145405    .8200858
       _cons |  -.0087706   .0054812    -1.60   0.110    -.0195136    .0019723
------------------------------------------------------------------------------

. 
. mat b = e(b)

. mat V = e(V)

. assert b[1,1] - .617 < 1e-3

. assert b[1,2] - -.008 < 1e-3

. assert sqrt(V[1,1]) - .103 < 1e-3

. assert sqrt(V[2,2]) - .0054 < 1e-3

. 
. * check bivariate
. 
. discard

. mrmvegger chdbeta ldlcbeta hdlcbeta [aw=1/(chdse^2)] if sel1==1

                                       MVMR-Egger model oriented wrt: ldlcbeta
                                                      Number of genotypes = 73
                                                      Number of phenotypes = 2
                                              Residual standard error =  1.509
------------------------------------------------------------------------------
             |      Coef.   Std. Err.      z    P>|z|     [95% Conf. Interval]
-------------+----------------------------------------------------------------
chdbeta      |
    ldlcbeta |   .5723867   .1029385     5.56   0.000     .3706308    .7741425
    hdlcbeta |  -.2665853   .1226013    -2.17   0.030    -.5068793   -.0262912
       _cons |  -.0067173   .0054255    -1.24   0.216    -.0173511    .0039165
------------------------------------------------------------------------------

. 
. assert _b[ldlcbeta] - .572 < 1e-3

. assert _b[hdlcbeta] - -.267 < 1e-3

. assert _b[_cons] - -.007 < 1e-3

. assert _se[ldlcbeta] - .103 < 1e-3

. assert _se[hdlcbeta] - .123 < 1e-3

. assert _se[_cons] - .005 < 1e-3

. 
. * check r(table)
. mat list r(table)

r(table)[9,3]
           chdbeta:    chdbeta:    chdbeta:
          ldlcbeta    hdlcbeta       _cons
     b   .57238665  -.26658525  -.00671733
    se   .10293855   .12260126   .00542552
     z   5.5604696  -2.1744087  -1.2380993
pvalue   2.690e-08   .02967445   .21567925
    ll   .37063081   -.5068793  -.01735114
    ul    .7741425   -.0262912   .00391649
    df           .           .           .
  crit    1.959964    1.959964    1.959964
 eform           0           0           0

. 
. discard

. mrmvegger chdbeta ldlcbeta hdlcbeta [aw=1/(chdse^2)] if sel1==1, orient(2)

                                       MVMR-Egger model oriented wrt: hdlcbeta
                                                      Number of genotypes = 73
                                                      Number of phenotypes = 2
                                              Residual standard error =  1.525
------------------------------------------------------------------------------
             |      Coef.   Std. Err.      z    P>|z|     [95% Conf. Interval]
-------------+----------------------------------------------------------------
chdbeta      |
    ldlcbeta |   .4669652   .0585997     7.97   0.000     .3521119    .5818185
    hdlcbeta |  -.3045624   .1451187    -2.10   0.036    -.5889898    -.020135
       _cons |   .0005409   .0036762     0.15   0.883    -.0066642    .0077461
------------------------------------------------------------------------------

. 
. assert _b[ldlcbeta] - .467 < 1e-3

. assert _b[hdlcbeta] - -.305 < 1e-3

. assert _b[_cons] - .001 < 1e-3

. assert _se[ldlcbeta] - .059 < 1e-3

. assert _se[hdlcbeta] - .145 < 1e-3

. assert _se[_cons] - .004 < 1e-3

. 
. * check trivariate
. 
. discard

. mrmvegger chdbeta ldlcbeta hdlcbeta tgbeta [aw=1/(chdse^2)] if sel1==1

                                       MVMR-Egger model oriented wrt: ldlcbeta
                                                      Number of genotypes = 73
                                                      Number of phenotypes = 3
                                              Residual standard error =  1.469
------------------------------------------------------------------------------
             |      Coef.   Std. Err.      z    P>|z|     [95% Conf. Interval]
-------------+----------------------------------------------------------------
chdbeta      |
    ldlcbeta |   .5672993   .1002611     5.66   0.000      .370791    .7638075
    hdlcbeta |  -.1364113   .1332727    -1.02   0.306    -.3976209    .1247983
      tgbeta |   .2739803   .1246927     2.20   0.028     .0295871    .5183735
       _cons |  -.0093655   .0054187    -1.73   0.084     -.019986     .001255
------------------------------------------------------------------------------

. 
. assert _b[ldlcbeta] - .567 < 1e-3

. assert _b[hdlcbeta] - -.136 < 1e-3

. assert _b[tgbeta] - .273 < 1e-3

. assert _b[_cons] - -.009 < 1e-3

. assert _se[ldlcbeta] - .100 < 1e-3

. assert _se[hdlcbeta] - .133 < 1e-3

. assert _se[tgbeta] - .124 < 1e-3

. assert _se[_cons] - .005 < 1e-3

. 
. * check orient option
. discard

. mrmvegger chdbeta ldlcbeta hdlcbeta tgbeta [aw=1/(chdse^2)] if sel1==1, orien
> t(2)

                                       MVMR-Egger model oriented wrt: hdlcbeta
                                                      Number of genotypes = 73
                                                      Number of phenotypes = 3
                                              Residual standard error =  1.501
------------------------------------------------------------------------------
             |      Coef.   Std. Err.      z    P>|z|     [95% Conf. Interval]
-------------+----------------------------------------------------------------
chdbeta      |
    ldlcbeta |   .4286398   .0614056     6.98   0.000      .308287    .5489926
    hdlcbeta |  -.1989637   .1541909    -1.29   0.197    -.5011723    .1032449
      tgbeta |   .2256794   .1243221     1.82   0.069    -.0179875    .4693463
       _cons |   .0002155   .0036218     0.06   0.953     -.006883    .0073141
------------------------------------------------------------------------------

. 
. assert _b[ldlcbeta] - .428 < 1e-3

. assert _b[hdlcbeta] - -.198 < 1e-3

. assert _b[tgbeta] - .225 < 1e-3

. assert _b[_cons] - -.0002 < 1e-3

. assert _se[ldlcbeta] - .061 < 1e-3

. assert _se[hdlcbeta] - .154 < 1e-3

. assert _se[tgbeta] - .124 < 1e-3

. assert _se[_cons] - .0036 < 1e-3

. 
. discard

. mrmvegger chdbeta ldlcbeta hdlcbeta tgbeta [aw=1/(chdse^2)] if sel1==1, orien
> t(3)

                                         MVMR-Egger model oriented wrt: tgbeta
                                                      Number of genotypes = 73
                                                      Number of phenotypes = 3
                                              Residual standard error =  1.499
------------------------------------------------------------------------------
             |      Coef.   Std. Err.      z    P>|z|     [95% Conf. Interval]
-------------+----------------------------------------------------------------
chdbeta      |
    ldlcbeta |   .4203073   .0660026     6.37   0.000     .2909447      .54967
    hdlcbeta |  -.1903089   .1321536    -1.44   0.150    -.4493252    .0687075
      tgbeta |   .2065651   .1365427     1.51   0.130    -.0610537     .474184
       _cons |   .0013499    .003951     0.34   0.733    -.0063939    .0090936
------------------------------------------------------------------------------

. 
. assert _b[ldlcbeta] - .420 < 1e-3

. assert _b[hdlcbeta] - -.190 < 1e-3

. assert _b[tgbeta] - .206 < 1e-3

. assert _b[_cons] - .0013 < 1e-3

. assert _se[ldlcbeta] - .066 < 1e-3

. assert _se[hdlcbeta] - .132 < 1e-3

. assert _se[tgbeta] - .136 < 1e-3

. assert _se[_cons] - .0039 < 1e-3

. 
. * check orient not greater than no. phenotypes
. rcof "noi mrmvegger chdbeta ldlcbeta [aw=1/(chdse^2)] if sel1==1, orient(2)" 
> == 198
The orient() option must be in the range of the number of phenotypes

. 
. * check orient not negative
. discard

. rcof "noi mrmvegger chdbeta ldlcbeta [aw=1/(chdse^2)] if sel1==1, orient(-1)"
>  == 198
The orient() option cannot be negative

. 
. * test replay
. discard

. mrmvegger chdbeta ldlcbeta [aw=1/(chdse^2)] if sel1==1

                                       MVMR-Egger model oriented wrt: ldlcbeta
                                                      Number of genotypes = 73
                                                      Number of phenotypes = 1
                                              Residual standard error =  1.548
------------------------------------------------------------------------------
             |      Coef.   Std. Err.      z    P>|z|     [95% Conf. Interval]
-------------+----------------------------------------------------------------
chdbeta      |
    ldlcbeta |   .6173131   .1034573     5.97   0.000     .4145405    .8200858
       _cons |  -.0087706   .0054812    -1.60   0.110    -.0195136    .0019723
------------------------------------------------------------------------------

. mrmvegger

                                       MVMR-Egger model oriented wrt: ldlcbeta
                                                      Number of genotypes = 73
                                                      Number of phenotypes = 1
                                              Residual standard error =  1.548
------------------------------------------------------------------------------
             |      Coef.   Std. Err.      z    P>|z|     [95% Conf. Interval]
-------------+----------------------------------------------------------------
chdbeta      |
    ldlcbeta |   .6173131   .1034573     5.97   0.000     .4145405    .8200858
       _cons |  -.0087706   .0054812    -1.60   0.110    -.0195136    .0019723
------------------------------------------------------------------------------

. 
. * eret list
. discard

. mrmvegger chdbeta ldlcbeta [aw=1/(chdse^2)] if sel1==1

                                       MVMR-Egger model oriented wrt: ldlcbeta
                                                      Number of genotypes = 73
                                                      Number of phenotypes = 1
                                              Residual standard error =  1.548
------------------------------------------------------------------------------
             |      Coef.   Std. Err.      z    P>|z|     [95% Conf. Interval]
-------------+----------------------------------------------------------------
chdbeta      |
    ldlcbeta |   .6173131   .1034573     5.97   0.000     .4145405    .8200858
       _cons |  -.0087706   .0054812    -1.60   0.110    -.0195136    .0019723
------------------------------------------------------------------------------

. eret list

scalars:
                  e(N) =  73
                 e(Np) =  1
                e(phi) =  1.547885800541125
               e(df_r) =  .

macros:
            e(cmdline) : "mrmvegger chdbeta ldlcbeta [aw=1/(chdse^2)] if se.."
                e(cmd) : "mrmvegger"
          e(orientvar) : "ldlcbeta"
         e(properties) : "b V"

matrices:
                  e(b) :  1 x 2
                  e(V) :  2 x 2

. 
. * ret list
. ret list

scalars:
              r(level) =  95

macros:
           r(mcmethod) : "noadjust"

matrices:
              r(table) :  9 x 2

. 
. * e(N)
. assert `e(N)' == 73

. 
. * e(orientvar)
. assert "`e(orientvar)'" == "ldlcbeta"

. 
. * e(cmd), e(cmdline)
. discard

. mrmvegger chdbeta ldlcbeta [aw=1/(chdse^2)] if sel1==1

                                       MVMR-Egger model oriented wrt: ldlcbeta
                                                      Number of genotypes = 73
                                                      Number of phenotypes = 1
                                              Residual standard error =  1.548
------------------------------------------------------------------------------
             |      Coef.   Std. Err.      z    P>|z|     [95% Conf. Interval]
-------------+----------------------------------------------------------------
chdbeta      |
    ldlcbeta |   .6173131   .1034573     5.97   0.000     .4145405    .8200858
       _cons |  -.0087706   .0054812    -1.60   0.110    -.0195136    .0019723
------------------------------------------------------------------------------

. di e(cmd)
mrmvegger

. assert "`e(cmd)'" == "mrmvegger"

. di e(cmdline)
mrmvegger chdbeta ldlcbeta [aw=1/(chdse^2)] if sel1==1

. assert "`e(cmdline)'" == "mrmvegger chdbeta ldlcbeta [aw=1/(chdse^2)] if sel1
> ==1"

. 
. // e(Np)
. discard

. mrmvegger chdbeta ldlcbeta [aw=1/(chdse^2)] if sel1==1

                                       MVMR-Egger model oriented wrt: ldlcbeta
                                                      Number of genotypes = 73
                                                      Number of phenotypes = 1
                                              Residual standard error =  1.548
------------------------------------------------------------------------------
             |      Coef.   Std. Err.      z    P>|z|     [95% Conf. Interval]
-------------+----------------------------------------------------------------
chdbeta      |
    ldlcbeta |   .6173131   .1034573     5.97   0.000     .4145405    .8200858
       _cons |  -.0087706   .0054812    -1.60   0.110    -.0195136    .0019723
------------------------------------------------------------------------------

. assert e(Np) == 1

. mrmvegger

                                       MVMR-Egger model oriented wrt: ldlcbeta
                                                      Number of genotypes = 73
                                                      Number of phenotypes = 1
                                              Residual standard error =  1.548
------------------------------------------------------------------------------
             |      Coef.   Std. Err.      z    P>|z|     [95% Conf. Interval]
-------------+----------------------------------------------------------------
chdbeta      |
    ldlcbeta |   .6173131   .1034573     5.97   0.000     .4145405    .8200858
       _cons |  -.0087706   .0054812    -1.60   0.110    -.0195136    .0019723
------------------------------------------------------------------------------

. assert e(Np) == 1

. 
. discard

. mrmvegger chdbeta ldlcbeta hdlcbeta [aw=1/(chdse^2)] if sel1==1

                                       MVMR-Egger model oriented wrt: ldlcbeta
                                                      Number of genotypes = 73
                                                      Number of phenotypes = 2
                                              Residual standard error =  1.509
------------------------------------------------------------------------------
             |      Coef.   Std. Err.      z    P>|z|     [95% Conf. Interval]
-------------+----------------------------------------------------------------
chdbeta      |
    ldlcbeta |   .5723867   .1029385     5.56   0.000     .3706308    .7741425
    hdlcbeta |  -.2665853   .1226013    -2.17   0.030    -.5068793   -.0262912
       _cons |  -.0067173   .0054255    -1.24   0.216    -.0173511    .0039165
------------------------------------------------------------------------------

. assert e(Np) == 2

. 
. discard

. mrmvegger chdbeta ldlcbeta hdlcbeta tgbeta [aw=1/(chdse^2)] if sel1==1

                                       MVMR-Egger model oriented wrt: ldlcbeta
                                                      Number of genotypes = 73
                                                      Number of phenotypes = 3
                                              Residual standard error =  1.469
------------------------------------------------------------------------------
             |      Coef.   Std. Err.      z    P>|z|     [95% Conf. Interval]
-------------+----------------------------------------------------------------
chdbeta      |
    ldlcbeta |   .5672993   .1002611     5.66   0.000      .370791    .7638075
    hdlcbeta |  -.1364113   .1332727    -1.02   0.306    -.3976209    .1247983
      tgbeta |   .2739803   .1246927     2.20   0.028     .0295871    .5183735
       _cons |  -.0093655   .0054187    -1.73   0.084     -.019986     .001255
------------------------------------------------------------------------------

. assert e(Np) == 3

. 
. // tdist
. discard

. mrmvegger chdbeta ldlcbeta hdlcbeta tgbeta [aw=1/(chdse^2)] if sel1==1, ///
>         gxse(ldlcse hdlcse tgse) tdist

                                       MVMR-Egger model oriented wrt: ldlcbeta
                                                      Number of genotypes = 73
                                                      Number of phenotypes = 3
                                              Residual standard error =  1.469
------------------------------------------------------------------------------
             |      Coef.   Std. Err.      t    P>|t|     [95% Conf. Interval]
-------------+----------------------------------------------------------------
chdbeta      |
    ldlcbeta |   .5672993   .1002611     5.66   0.000     .3672837    .7673148
    hdlcbeta |  -.1364113   .1332727    -1.02   0.310     -.402283    .1294604
      tgbeta |   .2739803   .1246927     2.20   0.031     .0252252    .5227354
       _cons |  -.0093655   .0054187    -1.73   0.088    -.0201756    .0014445
------------------------------------------------------------------------------

. di e(df_r)
69

. assert e(df_r) == 69

. mat rtable = r(table)

. assert rtable[7,1] == 69

. mrmvegger

                                       MVMR-Egger model oriented wrt: ldlcbeta
                                                      Number of genotypes = 73
                                                      Number of phenotypes = 3
                                              Residual standard error =  1.469
------------------------------------------------------------------------------
             |      Coef.   Std. Err.      t    P>|t|     [95% Conf. Interval]
-------------+----------------------------------------------------------------
chdbeta      |
    ldlcbeta |   .5672993   .1002611     5.66   0.000     .3672837    .7673148
    hdlcbeta |  -.1364113   .1332727    -1.02   0.310     -.402283    .1294604
      tgbeta |   .2739803   .1246927     2.20   0.031     .0252252    .5227354
       _cons |  -.0093655   .0054187    -1.73   0.088    -.0201756    .0014445
------------------------------------------------------------------------------

. 
. discard

. mrmvegger chdbeta ldlcbeta hdlcbeta tgbeta [aw=1/(chdse^2)] if sel1==1, ///
>         gxse(ldlcse hdlcse tgse)

                                       MVMR-Egger model oriented wrt: ldlcbeta
                                                      Number of genotypes = 73
                                                      Number of phenotypes = 3
                                              Residual standard error =  1.469
------------------------------------------------------------------------------
             |      Coef.   Std. Err.      z    P>|z|     [95% Conf. Interval]
-------------+----------------------------------------------------------------
chdbeta      |
    ldlcbeta |   .5672993   .1002611     5.66   0.000      .370791    .7638075
    hdlcbeta |  -.1364113   .1332727    -1.02   0.306    -.3976209    .1247983
      tgbeta |   .2739803   .1246927     2.20   0.028     .0295871    .5183735
       _cons |  -.0093655   .0054187    -1.73   0.084     -.019986     .001255
------------------------------------------------------------------------------

. mat rtable = r(table)

. assert rtable[7,1] == .

. mrmvegger

                                       MVMR-Egger model oriented wrt: ldlcbeta
                                                      Number of genotypes = 73
                                                      Number of phenotypes = 3
                                              Residual standard error =  1.469
------------------------------------------------------------------------------
             |      Coef.   Std. Err.      z    P>|z|     [95% Conf. Interval]
-------------+----------------------------------------------------------------
chdbeta      |
    ldlcbeta |   .5672993   .1002611     5.66   0.000      .370791    .7638075
    hdlcbeta |  -.1364113   .1332727    -1.02   0.306    -.3976209    .1247983
      tgbeta |   .2739803   .1246927     2.20   0.028     .0295871    .5183735
       _cons |  -.0093655   .0054187    -1.73   0.084     -.019986     .001255
------------------------------------------------------------------------------

. 
. discard

. mrmvegger chdbeta ldlcbeta hdlcbeta [aw=1/(chdse^2)] if sel1==1, ///
>         gxse(ldlcse hdlcse) tdist

                                       MVMR-Egger model oriented wrt: ldlcbeta
                                                      Number of genotypes = 73
                                                      Number of phenotypes = 2
                                              Residual standard error =  1.509
------------------------------------------------------------------------------
             |      Coef.   Std. Err.      t    P>|t|     [95% Conf. Interval]
-------------+----------------------------------------------------------------
chdbeta      |
    ldlcbeta |   .5723867   .1029385     5.56   0.000     .3670822    .7776911
    hdlcbeta |  -.2665853   .1226013    -2.17   0.033    -.5111058   -.0220647
       _cons |  -.0067173   .0054255    -1.24   0.220    -.0175382    .0041035
------------------------------------------------------------------------------

. di e(df_r)
70

. assert e(df_r) == 70

. mat rtable = r(table)

. assert rtable[7,1] == 70

. mrmvegger

                                       MVMR-Egger model oriented wrt: ldlcbeta
                                                      Number of genotypes = 73
                                                      Number of phenotypes = 2
                                              Residual standard error =  1.509
------------------------------------------------------------------------------
             |      Coef.   Std. Err.      t    P>|t|     [95% Conf. Interval]
-------------+----------------------------------------------------------------
chdbeta      |
    ldlcbeta |   .5723867   .1029385     5.56   0.000     .3670822    .7776911
    hdlcbeta |  -.2665853   .1226013    -2.17   0.033    -.5111058   -.0220647
       _cons |  -.0067173   .0054255    -1.24   0.220    -.0175382    .0041035
------------------------------------------------------------------------------

. 
. discard

. mrmvegger chdbeta ldlcbeta [aw=1/(chdse^2)] if sel1==1, ///
>         gxse(ldlcse) tdist

                                       MVMR-Egger model oriented wrt: ldlcbeta
                                                      Number of genotypes = 73
                                                      Number of phenotypes = 1
                                              Residual standard error =  1.548
------------------------------------------------------------------------------
             |      Coef.   Std. Err.      t    P>|t|     [95% Conf. Interval]
-------------+----------------------------------------------------------------
chdbeta      |
    ldlcbeta |   .6173131   .1034573     5.97   0.000     .4110251    .8236012
       _cons |  -.0087706   .0054812    -1.60   0.114    -.0196998    .0021585
------------------------------------------------------------------------------

. di e(df_r)
71

. assert e(df_r) == 71

. mat rtable = r(table)

. assert rtable[7,1] == 71

. mrmvegger

                                       MVMR-Egger model oriented wrt: ldlcbeta
                                                      Number of genotypes = 73
                                                      Number of phenotypes = 1
                                              Residual standard error =  1.548
------------------------------------------------------------------------------
             |      Coef.   Std. Err.      t    P>|t|     [95% Conf. Interval]
-------------+----------------------------------------------------------------
chdbeta      |
    ldlcbeta |   .6173131   .1034573     5.97   0.000     .4110251    .8236012
       _cons |  -.0087706   .0054812    -1.60   0.114    -.0196998    .0021585
------------------------------------------------------------------------------

. 
. // e(phi)
. discard

. mrmvegger chdbeta ldlcbeta hdlcbeta tgbeta [aw=1/(chdse^2)] if sel1==1

                                       MVMR-Egger model oriented wrt: ldlcbeta
                                                      Number of genotypes = 73
                                                      Number of phenotypes = 3
                                              Residual standard error =  1.469
------------------------------------------------------------------------------
             |      Coef.   Std. Err.      z    P>|z|     [95% Conf. Interval]
-------------+----------------------------------------------------------------
chdbeta      |
    ldlcbeta |   .5672993   .1002611     5.66   0.000      .370791    .7638075
    hdlcbeta |  -.1364113   .1332727    -1.02   0.306    -.3976209    .1247983
      tgbeta |   .2739803   .1246927     2.20   0.028     .0295871    .5183735
       _cons |  -.0093655   .0054187    -1.73   0.084     -.019986     .001255
------------------------------------------------------------------------------

. assert e(phi) - 1.469 < 1e-3

. mrmvegger

                                       MVMR-Egger model oriented wrt: ldlcbeta
                                                      Number of genotypes = 73
                                                      Number of phenotypes = 3
                                              Residual standard error =  1.469
------------------------------------------------------------------------------
             |      Coef.   Std. Err.      z    P>|z|     [95% Conf. Interval]
-------------+----------------------------------------------------------------
chdbeta      |
    ldlcbeta |   .5672993   .1002611     5.66   0.000      .370791    .7638075
    hdlcbeta |  -.1364113   .1332727    -1.02   0.306    -.3976209    .1247983
      tgbeta |   .2739803   .1246927     2.20   0.028     .0295871    .5183735
       _cons |  -.0093655   .0054187    -1.73   0.084     -.019986     .001255
------------------------------------------------------------------------------

. assert e(phi) - 1.469 < 1e-3

. 
. discard

. mrmvegger chdbeta ldlcbeta hdlcbeta tgbeta [aw=1/(chdse^2)] if sel1==1, orien
> t(2)

                                       MVMR-Egger model oriented wrt: hdlcbeta
                                                      Number of genotypes = 73
                                                      Number of phenotypes = 3
                                              Residual standard error =  1.501
------------------------------------------------------------------------------
             |      Coef.   Std. Err.      z    P>|z|     [95% Conf. Interval]
-------------+----------------------------------------------------------------
chdbeta      |
    ldlcbeta |   .4286398   .0614056     6.98   0.000      .308287    .5489926
    hdlcbeta |  -.1989637   .1541909    -1.29   0.197    -.5011723    .1032449
      tgbeta |   .2256794   .1243221     1.82   0.069    -.0179875    .4693463
       _cons |   .0002155   .0036218     0.06   0.953     -.006883    .0073141
------------------------------------------------------------------------------

. assert e(phi) - 1.501 < 1e-3

. mrmvegger

                                       MVMR-Egger model oriented wrt: hdlcbeta
                                                      Number of genotypes = 73
                                                      Number of phenotypes = 3
                                              Residual standard error =  1.501
------------------------------------------------------------------------------
             |      Coef.   Std. Err.      z    P>|z|     [95% Conf. Interval]
-------------+----------------------------------------------------------------
chdbeta      |
    ldlcbeta |   .4286398   .0614056     6.98   0.000      .308287    .5489926
    hdlcbeta |  -.1989637   .1541909    -1.29   0.197    -.5011723    .1032449
      tgbeta |   .2256794   .1243221     1.82   0.069    -.0179875    .4693463
       _cons |   .0002155   .0036218     0.06   0.953     -.006883    .0073141
------------------------------------------------------------------------------

. assert e(phi) - 1.501 < 1e-3

. 
. discard

. mrmvegger chdbeta ldlcbeta hdlcbeta [aw=1/(chdse^2)] if sel1==1

                                       MVMR-Egger model oriented wrt: ldlcbeta
                                                      Number of genotypes = 73
                                                      Number of phenotypes = 2
                                              Residual standard error =  1.509
------------------------------------------------------------------------------
             |      Coef.   Std. Err.      z    P>|z|     [95% Conf. Interval]
-------------+----------------------------------------------------------------
chdbeta      |
    ldlcbeta |   .5723867   .1029385     5.56   0.000     .3706308    .7741425
    hdlcbeta |  -.2665853   .1226013    -2.17   0.030    -.5068793   -.0262912
       _cons |  -.0067173   .0054255    -1.24   0.216    -.0173511    .0039165
------------------------------------------------------------------------------

. assert e(phi) - 1.509 < 1e-3

. mrmvegger

                                       MVMR-Egger model oriented wrt: ldlcbeta
                                                      Number of genotypes = 73
                                                      Number of phenotypes = 2
                                              Residual standard error =  1.509
------------------------------------------------------------------------------
             |      Coef.   Std. Err.      z    P>|z|     [95% Conf. Interval]
-------------+----------------------------------------------------------------
chdbeta      |
    ldlcbeta |   .5723867   .1029385     5.56   0.000     .3706308    .7741425
    hdlcbeta |  -.2665853   .1226013    -2.17   0.030    -.5068793   -.0262912
       _cons |  -.0067173   .0054255    -1.24   0.216    -.0173511    .0039165
------------------------------------------------------------------------------

. assert e(phi) - 1.509 < 1e-3

. 
. discard

. mrmvegger chdbeta ldlcbeta hdlcbeta [aw=1/(chdse^2)] if sel1==1, orient(2)

                                       MVMR-Egger model oriented wrt: hdlcbeta
                                                      Number of genotypes = 73
                                                      Number of phenotypes = 2
                                              Residual standard error =  1.525
------------------------------------------------------------------------------
             |      Coef.   Std. Err.      z    P>|z|     [95% Conf. Interval]
-------------+----------------------------------------------------------------
chdbeta      |
    ldlcbeta |   .4669652   .0585997     7.97   0.000     .3521119    .5818185
    hdlcbeta |  -.3045624   .1451187    -2.10   0.036    -.5889898    -.020135
       _cons |   .0005409   .0036762     0.15   0.883    -.0066642    .0077461
------------------------------------------------------------------------------

. assert e(phi) - 1.525 < 1e-3

. mrmvegger

                                       MVMR-Egger model oriented wrt: hdlcbeta
                                                      Number of genotypes = 73
                                                      Number of phenotypes = 2
                                              Residual standard error =  1.525
------------------------------------------------------------------------------
             |      Coef.   Std. Err.      z    P>|z|     [95% Conf. Interval]
-------------+----------------------------------------------------------------
chdbeta      |
    ldlcbeta |   .4669652   .0585997     7.97   0.000     .3521119    .5818185
    hdlcbeta |  -.3045624   .1451187    -2.10   0.036    -.5889898    -.020135
       _cons |   .0005409   .0036762     0.15   0.883    -.0066642    .0077461
------------------------------------------------------------------------------

. assert e(phi) - 1.525 < 1e-3

. 
end of do-file
      name:  mrmvegger
       log:  /Users/tom/Documents/GitHub/mrrobust/cscripts/mrmvegger.log
  log type:  text
 closed on:  10 Sep 2021, 20:46:55
-------------------------------------------------------------------------------
