-------------------------------------------------------------------------------
      name:  mrmvivw
       log:  /Users/tom/Documents/GitHub/mrrobust/cscripts/mrmvivw.log
  log type:  text
 opened on:   1 May 2025, 21:16:34

. * mrmvivw cscript
. * 22jun2020
. 
. cscript mrmvivw adofiles mrmvivw mvivw mvmr
------------------------------------------------------------------BEGIN mrmvivw

-> which mrmvivw, usesysdir
/Users/tom/Documents/GitHub/mrrobust/mrmvivw.ado
*! version 0.1.0 22jun2020 Tom Palmer

-> which mvivw, usesysdir
/Users/tom/Documents/GitHub/mrrobust/mvivw.ado
*! version 0.1.0 22jun2020 Tom Palmer

-> which mvmr, usesysdir
/Users/tom/Documents/GitHub/mrrobust/mvmr.ado
*! version 0.1.0 22jun2020 Tom Palmer

. 
. about

StataNow/MP 18.5 for Mac (Apple Silicon)
Revision 26 Feb 2025
Copyright 1985-2023 StataCorp LLC

Total physical memory: 16.00 GB

Stata license: Unlimited-user 2-core network, expiring 29 Jan 2026
Serial number: 501809305331
  Licensed to: Tom Palmer
               University of Bristol

. 
. * load in dataset
. use https://raw.github.com/remlapmot/mrrobust/master/dodata, clear

. 
. * ldlc - analysis 1
. gen byte sel1 = (ldlcp2 < 1e-8)

. 
. * check univariate estimate
. 
. mregger chdbeta ldlcbeta [aw=1/(chdse^2)] if sel1==1, ivw fe

                                                      Number of genotypes = 73
                                      Residual standard error constrained at 1
------------------------------------------------------------------------------
             | Coefficient  Std. err.      z    P>|z|     [95% conf. interval]
-------------+----------------------------------------------------------------
chdbeta      |
    ldlcbeta |   .4815055    .038221    12.60   0.000     .4065938    .5564173
------------------------------------------------------------------------------

. 
. mregger chdbeta ldlcbeta [aw=1/(chdse^2)] if sel1==1, ivw 

                                                      Number of genotypes = 73
                                              Residual standard error =  1.565
------------------------------------------------------------------------------
             | Coefficient  Std. err.      z    P>|z|     [95% conf. interval]
-------------+----------------------------------------------------------------
chdbeta      |
    ldlcbeta |   .4815055   .0597994     8.05   0.000     .3643009    .5987101
------------------------------------------------------------------------------

. 
. discard

. mrmvivw chdbeta ldlcbeta [aw=1/(chdse^2)] if sel1==1, fe

                                                      Number of genotypes = 73
                                                      Number of phenotypes = 1
                                                 Standard errors: Fixed effect
                                      Residual standard error constrained at 1
------------------------------------------------------------------------------
             | Coefficient  Std. err.      z    P>|z|     [95% conf. interval]
-------------+----------------------------------------------------------------
chdbeta      |
    ldlcbeta |   .4815055    .038221    12.60   0.000     .4065938    .5564173
------------------------------------------------------------------------------

. assert abs(_b[ldlcbeta] - .482) < 1e-3

. assert abs(_se[ldlcbeta] - .038) < 1e-3

. 
. * r(table)
. mat list r(table)

r(table)[9,1]
          chdbeta:
         ldlcbeta
     b  .48150551
    se  .03822098
     z  12.597937
pvalue  2.167e-36
    ll  .40659377
    ul  .55641726
    df          .
  crit   1.959964
 eform          0

. 
. discard

. mvivw chdbeta ldlcbeta [aw=1/(chdse^2)] if sel1==1, fe

                                                      Number of genotypes = 73
                                                      Number of phenotypes = 1
                                                 Standard errors: Fixed effect
                                      Residual standard error constrained at 1
------------------------------------------------------------------------------
             | Coefficient  Std. err.      z    P>|z|     [95% conf. interval]
-------------+----------------------------------------------------------------
chdbeta      |
    ldlcbeta |   .4815055    .038221    12.60   0.000     .4065938    .5564173
------------------------------------------------------------------------------

. assert abs(_b[ldlcbeta] - .482) < 1e-3

. assert abs(_se[ldlcbeta] - .038) < 1e-3

. 
. discard

. mvmr chdbeta ldlcbeta [aw=1/(chdse^2)] if sel1==1, fe

                                                      Number of genotypes = 73
                                                      Number of phenotypes = 1
                                                 Standard errors: Fixed effect
                                      Residual standard error constrained at 1
------------------------------------------------------------------------------
             | Coefficient  Std. err.      z    P>|z|     [95% conf. interval]
-------------+----------------------------------------------------------------
chdbeta      |
    ldlcbeta |   .4815055    .038221    12.60   0.000     .4065938    .5564173
------------------------------------------------------------------------------

. assert abs(_b[ldlcbeta] - .482) < 1e-3

. assert abs(_se[ldlcbeta] - .038) < 1e-3

. 
. * fit a multivariate estimate
. 
. ** without FE SEs
. discard

. mrmvivw chdbeta ldlcbeta hdlcbeta tgbeta [aw=1/(chdse^2)] if sel1==1

                                                      Number of genotypes = 73
                                                      Number of phenotypes = 3
                                                Standard errors: Random effect
                                              Residual standard error =  1.490
------------------------------------------------------------------------------
             | Coefficient  Std. err.      z    P>|z|     [95% conf. interval]
-------------+----------------------------------------------------------------
chdbeta      |
    ldlcbeta |     .42862   .0609661     7.03   0.000     .3091286    .5481113
    hdlcbeta |  -.1941989   .1308289    -1.48   0.138    -.4506189    .0622211
      tgbeta |   .2260456   .1232828     1.83   0.067    -.0155842    .4676755
------------------------------------------------------------------------------

. assert abs(_b[ldlcbeta] - .429) < 1e-3

. assert abs(_se[ldlcbeta] - .061) < 1e-3

. assert abs(_b[hdlcbeta] - -.194) < 1e-3

. assert abs(_se[hdlcbeta] - .131) < 1e-3

. assert abs(_b[tgbeta] - .226) < 1e-3

. assert abs(_se[tgbeta] - .123) < 1e-3

. 
. discard

. mvivw chdbeta ldlcbeta hdlcbeta tgbeta [aw=1/(chdse^2)] if sel1==1

                                                      Number of genotypes = 73
                                                      Number of phenotypes = 3
                                                Standard errors: Random effect
                                              Residual standard error =  1.490
------------------------------------------------------------------------------
             | Coefficient  Std. err.      z    P>|z|     [95% conf. interval]
-------------+----------------------------------------------------------------
chdbeta      |
    ldlcbeta |     .42862   .0609661     7.03   0.000     .3091286    .5481113
    hdlcbeta |  -.1941989   .1308289    -1.48   0.138    -.4506189    .0622211
      tgbeta |   .2260456   .1232828     1.83   0.067    -.0155842    .4676755
------------------------------------------------------------------------------

. assert abs(_b[ldlcbeta] - .429) < 1e-3

. assert abs(_se[ldlcbeta] - .061) < 1e-3

. assert abs(_b[hdlcbeta] - -.194) < 1e-3

. assert abs(_se[hdlcbeta] - .131) < 1e-3

. assert abs(_b[tgbeta] - .226) < 1e-3

. assert abs(_se[tgbeta] - .123) < 1e-3

. 
. discard

. mvmr chdbeta ldlcbeta hdlcbeta tgbeta [aw=1/(chdse^2)] if sel1==1

                                                      Number of genotypes = 73
                                                      Number of phenotypes = 3
                                                Standard errors: Random effect
                                              Residual standard error =  1.490
------------------------------------------------------------------------------
             | Coefficient  Std. err.      z    P>|z|     [95% conf. interval]
-------------+----------------------------------------------------------------
chdbeta      |
    ldlcbeta |     .42862   .0609661     7.03   0.000     .3091286    .5481113
    hdlcbeta |  -.1941989   .1308289    -1.48   0.138    -.4506189    .0622211
      tgbeta |   .2260456   .1232828     1.83   0.067    -.0155842    .4676755
------------------------------------------------------------------------------

. assert abs(_b[ldlcbeta] - .429) < 1e-3

. assert abs(_se[ldlcbeta] - .061) < 1e-3

. assert abs(_b[hdlcbeta] - -.194) < 1e-3

. assert abs(_se[hdlcbeta] - .131) < 1e-3

. assert abs(_b[tgbeta] - .226) < 1e-3

. assert abs(_se[tgbeta] - .123) < 1e-3

. 
. ** with FE SEs
. discard

. mrmvivw chdbeta ldlcbeta hdlcbeta tgbeta [aw=1/(chdse^2)] if sel1==1, fe

                                                      Number of genotypes = 73
                                                      Number of phenotypes = 3
                                                 Standard errors: Fixed effect
                                      Residual standard error constrained at 1
------------------------------------------------------------------------------
             | Coefficient  Std. err.      z    P>|z|     [95% conf. interval]
-------------+----------------------------------------------------------------
chdbeta      |
    ldlcbeta |     .42862   .0409208    10.47   0.000     .3484166    .5088234
    hdlcbeta |  -.1941989   .0878132    -2.21   0.027    -.3663097   -.0220881
      tgbeta |   .2260456   .0827482     2.73   0.006     .0638621    .3882291
------------------------------------------------------------------------------

. assert abs(_b[ldlcbeta] - .429) < 1e-3

. assert abs(_se[ldlcbeta] - .041) < 1e-3

. assert abs(_b[hdlcbeta] - -.194) < 1e-3

. assert abs(_se[hdlcbeta] - .088) < 1e-3

. assert abs(_b[tgbeta] - .226) < 1e-3

. assert abs(_se[tgbeta] - .083) < 1e-3

. 
. discard

. mvivw chdbeta ldlcbeta hdlcbeta tgbeta [aw=1/(chdse^2)] if sel1==1, fe

                                                      Number of genotypes = 73
                                                      Number of phenotypes = 3
                                                 Standard errors: Fixed effect
                                      Residual standard error constrained at 1
------------------------------------------------------------------------------
             | Coefficient  Std. err.      z    P>|z|     [95% conf. interval]
-------------+----------------------------------------------------------------
chdbeta      |
    ldlcbeta |     .42862   .0409208    10.47   0.000     .3484166    .5088234
    hdlcbeta |  -.1941989   .0878132    -2.21   0.027    -.3663097   -.0220881
      tgbeta |   .2260456   .0827482     2.73   0.006     .0638621    .3882291
------------------------------------------------------------------------------

. assert abs(_b[ldlcbeta] - .429) < 1e-3

. assert abs(_se[ldlcbeta] - .041) < 1e-3

. assert abs(_b[hdlcbeta] - -.194) < 1e-3

. assert abs(_se[hdlcbeta] - .088) < 1e-3

. assert abs(_b[tgbeta] - .226) < 1e-3

. assert abs(_se[tgbeta] - .083) < 1e-3

. 
. discard

. mvmr chdbeta ldlcbeta hdlcbeta tgbeta [aw=1/(chdse^2)] if sel1==1, fe

                                                      Number of genotypes = 73
                                                      Number of phenotypes = 3
                                                 Standard errors: Fixed effect
                                      Residual standard error constrained at 1
------------------------------------------------------------------------------
             | Coefficient  Std. err.      z    P>|z|     [95% conf. interval]
-------------+----------------------------------------------------------------
chdbeta      |
    ldlcbeta |     .42862   .0409208    10.47   0.000     .3484166    .5088234
    hdlcbeta |  -.1941989   .0878132    -2.21   0.027    -.3663097   -.0220881
      tgbeta |   .2260456   .0827482     2.73   0.006     .0638621    .3882291
------------------------------------------------------------------------------

. assert abs(_b[ldlcbeta] - .429) < 1e-3

. assert abs(_se[ldlcbeta] - .041) < 1e-3

. assert abs(_b[hdlcbeta] - -.194) < 1e-3

. assert abs(_se[hdlcbeta] - .088) < 1e-3

. assert abs(_b[tgbeta] - .226) < 1e-3

. assert abs(_se[tgbeta] - .083) < 1e-3

. 
. ** 90% CI
. discard

. mrmvivw chdbeta ldlcbeta hdlcbeta tgbeta [aw=1/(chdse^2)] if sel1==1, level(9
> 0)

                                                      Number of genotypes = 73
                                                      Number of phenotypes = 3
                                                Standard errors: Random effect
                                              Residual standard error =  1.490
------------------------------------------------------------------------------
             | Coefficient  Std. err.      z    P>|z|     [90% conf. interval]
-------------+----------------------------------------------------------------
chdbeta      |
    ldlcbeta |     .42862   .0609661     7.03   0.000     .3283397    .5289003
    hdlcbeta |  -.1941989   .1308289    -1.48   0.138    -.4093933    .0209956
      tgbeta |   .2260456   .1232828     1.83   0.067     .0232635    .4288278
------------------------------------------------------------------------------

. mat table = r(table)

. assert abs(_b[ldlcbeta] - invnorm(.95)*_se[ldlcbeta] - .328) < 1e-3

. assert abs(_b[ldlcbeta] + invnorm(.95)*_se[ldlcbeta] - .529) < 1e-3

. 
. discard

. mvivw chdbeta ldlcbeta hdlcbeta tgbeta [aw=1/(chdse^2)] if sel1==1, level(90)

                                                      Number of genotypes = 73
                                                      Number of phenotypes = 3
                                                Standard errors: Random effect
                                              Residual standard error =  1.490
------------------------------------------------------------------------------
             | Coefficient  Std. err.      z    P>|z|     [90% conf. interval]
-------------+----------------------------------------------------------------
chdbeta      |
    ldlcbeta |     .42862   .0609661     7.03   0.000     .3283397    .5289003
    hdlcbeta |  -.1941989   .1308289    -1.48   0.138    -.4093933    .0209956
      tgbeta |   .2260456   .1232828     1.83   0.067     .0232635    .4288278
------------------------------------------------------------------------------

. mat table = r(table)

. assert abs(_b[ldlcbeta] - invnorm(.95)*_se[ldlcbeta] - .328) < 1e-3

. assert abs(_b[ldlcbeta] + invnorm(.95)*_se[ldlcbeta] - .529) < 1e-3

. 
. discard

. mvmr chdbeta ldlcbeta hdlcbeta tgbeta [aw=1/(chdse^2)] if sel1==1, level(90)

                                                      Number of genotypes = 73
                                                      Number of phenotypes = 3
                                                Standard errors: Random effect
                                              Residual standard error =  1.490
------------------------------------------------------------------------------
             | Coefficient  Std. err.      z    P>|z|     [90% conf. interval]
-------------+----------------------------------------------------------------
chdbeta      |
    ldlcbeta |     .42862   .0609661     7.03   0.000     .3283397    .5289003
    hdlcbeta |  -.1941989   .1308289    -1.48   0.138    -.4093933    .0209956
      tgbeta |   .2260456   .1232828     1.83   0.067     .0232635    .4288278
------------------------------------------------------------------------------

. mat table = r(table)

. assert abs(_b[ldlcbeta] - invnorm(.95)*_se[ldlcbeta] - .328) < 1e-3

. assert abs(_b[ldlcbeta] + invnorm(.95)*_se[ldlcbeta] - .529) < 1e-3

. 
. * eret list
. eret list

scalars:
               e(df_r) =  .
                  e(N) =  73
                 e(Np) =  3
                e(phi) =  1.489854303825199

macros:
            e(cmdline) : "mvmr chdbeta ldlcbeta hdlcbeta tgbeta [aw=1/(chds.."
                e(cmd) : "mvmr"
             e(setype) : "re"
         e(properties) : "b V"

matrices:
                  e(b) :  1 x 3
                  e(V) :  3 x 3

. 
. * ret list
. ret list

macros:
           r(mcmethod) : "noadjust"

matrices:
              r(table) :  9 x 3

. 
. * Display
. discard

. mrmvivw chdbeta ldlcbeta [aw=1/(chdse^2)] if sel1==1, fe

                                                      Number of genotypes = 73
                                                      Number of phenotypes = 1
                                                 Standard errors: Fixed effect
                                      Residual standard error constrained at 1
------------------------------------------------------------------------------
             | Coefficient  Std. err.      z    P>|z|     [95% conf. interval]
-------------+----------------------------------------------------------------
chdbeta      |
    ldlcbeta |   .4815055    .038221    12.60   0.000     .4065938    .5564173
------------------------------------------------------------------------------

. mrmvivw

                                                      Number of genotypes = 73
                                                      Number of phenotypes = 1
                                                 Standard errors: Fixed effect
                                      Residual standard error constrained at 1
------------------------------------------------------------------------------
             | Coefficient  Std. err.      z    P>|z|     [95% conf. interval]
-------------+----------------------------------------------------------------
chdbeta      |
    ldlcbeta |   .4815055    .038221    12.60   0.000     .4065938    .5564173
------------------------------------------------------------------------------

. 
. assert `e(N)' == 73

. assert "`e(setype)'" == "fe"

. 
. discard

. mrmvivw chdbeta ldlcbeta [aw=1/(chdse^2)] if sel1==1

                                                      Number of genotypes = 73
                                                      Number of phenotypes = 1
                                                Standard errors: Random effect
                                              Residual standard error =  1.565
------------------------------------------------------------------------------
             | Coefficient  Std. err.      z    P>|z|     [95% conf. interval]
-------------+----------------------------------------------------------------
chdbeta      |
    ldlcbeta |   .4815055   .0597994     8.05   0.000     .3643009    .5987101
------------------------------------------------------------------------------

. mrmvivw

                                                      Number of genotypes = 73
                                                      Number of phenotypes = 1
                                                Standard errors: Random effect
                                              Residual standard error =  1.565
------------------------------------------------------------------------------
             | Coefficient  Std. err.      z    P>|z|     [95% conf. interval]
-------------+----------------------------------------------------------------
chdbeta      |
    ldlcbeta |   .4815055   .0597994     8.05   0.000     .3643009    .5987101
------------------------------------------------------------------------------

. assert "`e(setype)'" == "re"

. 
. * e(cmd), e(cmdline)
. discard

. mrmvivw chdbeta ldlcbeta [aw=1/(chdse^2)] if sel1==1

                                                      Number of genotypes = 73
                                                      Number of phenotypes = 1
                                                Standard errors: Random effect
                                              Residual standard error =  1.565
------------------------------------------------------------------------------
             | Coefficient  Std. err.      z    P>|z|     [95% conf. interval]
-------------+----------------------------------------------------------------
chdbeta      |
    ldlcbeta |   .4815055   .0597994     8.05   0.000     .3643009    .5987101
------------------------------------------------------------------------------

. di e(cmd)
mrmvivw

. assert "`e(cmd)'" == "mrmvivw"

. di e(cmdline)
mrmvivw chdbeta ldlcbeta [aw=1/(chdse^2)] if sel1==1

. assert "`e(cmdline)'" == "mrmvivw chdbeta ldlcbeta [aw=1/(chdse^2)] if sel1==
> 1"

. 
. * gxse() for Q-statistics
. discard

. mrmvivw chdbeta ldlcbeta hdlcbeta [aw=1/(chdse^2)] if sel1==1, ///
>         gxse(ldlcse hdlcse)

                                                      Number of genotypes = 73
                                                      Number of phenotypes = 2
                                                Standard errors: Random effect
                                              Residual standard error =  1.514
------------------------------------------------------------------------------
             | Coefficient  Std. err.      z    P>|z|     [95% conf. interval]
-------------+----------------------------------------------------------------
chdbeta      |
    ldlcbeta |   .4670719   .0581901     8.03   0.000     .3530214    .5811224
    hdlcbeta |  -.2930048   .1211822    -2.42   0.016    -.5305175   -.0554921
------------------------------------------------------------------------------
 Q_A statistic for instrument validity; chi2(71) = 159.89 (p =  0.0000)
 Conditional F-statistics for instrument strength:
 F_x1 = 134.34   (ldlcbeta)
 F_x2 = 43.78    (hdlcbeta)

. assert e(Qa) - 159.888 < 1e-3

. assert e(Qadf) == 71

. assert e(Qap) - 8.41e-9 < 1e-6

. 
. discard

. mrmvivw chdbeta ldlcbeta tgbeta [aw=1/(chdse^2)] if sel1==1, ///
>         gxse(ldlcse tgse)

                                                      Number of genotypes = 73
                                                      Number of phenotypes = 2
                                                Standard errors: Random effect
                                              Residual standard error =  1.502
------------------------------------------------------------------------------
             | Coefficient  Std. err.      z    P>|z|     [95% conf. interval]
-------------+----------------------------------------------------------------
chdbeta      |
    ldlcbeta |   .4237414   .0613912     6.90   0.000     .3034169    .5440659
      tgbeta |   .3014213   .1132872     2.66   0.008     .0793824    .5234601
------------------------------------------------------------------------------
 Q_A statistic for instrument validity; chi2(71) = 157.71 (p =  0.0000)
 Conditional F-statistics for instrument strength:
 F_x1 = 175.51   (ldlcbeta)
 F_x2 = 53.82    (tgbeta)

.         
. discard

. mrmvivw chdbeta hdlcbeta tgbeta [aw=1/(chdse^2)] if sel1==1, ///
>         gxse(hdlcse tgse)

                                                      Number of genotypes = 73
                                                      Number of phenotypes = 2
                                                Standard errors: Random effect
                                              Residual standard error =  1.932
------------------------------------------------------------------------------
             | Coefficient  Std. err.      z    P>|z|     [95% conf. interval]
-------------+----------------------------------------------------------------
chdbeta      |
    hdlcbeta |  -.1446141   .1694317    -0.85   0.393    -.4766941    .1874659
      tgbeta |   .5241872   .1501343     3.49   0.000     .2299294     .818445
------------------------------------------------------------------------------
 Q_A statistic for instrument validity; chi2(71) = 261.15 (p =  0.0000)
 Conditional F-statistics for instrument strength:
 F_x1 = 35.70    (hdlcbeta)
 F_x2 = 38.76    (tgbeta)

. 
. discard

. mrmvivw chdbeta ldlcbeta hdlcbeta tgbeta [aw=1/(chdse^2)] if sel1==1, ///
>         gxse(ldlcse hdlcse tgse)

                                                      Number of genotypes = 73
                                                      Number of phenotypes = 3
                                                Standard errors: Random effect
                                              Residual standard error =  1.490
------------------------------------------------------------------------------
             | Coefficient  Std. err.      z    P>|z|     [95% conf. interval]
-------------+----------------------------------------------------------------
chdbeta      |
    ldlcbeta |     .42862   .0609661     7.03   0.000     .3091286    .5481113
    hdlcbeta |  -.1941989   .1308289    -1.48   0.138    -.4506189    .0622211
      tgbeta |   .2260456   .1232828     1.83   0.067    -.0155842    .4676755
------------------------------------------------------------------------------
 Q_A statistic for instrument validity; chi2(70) = 152.88 (p =  0.0000)
 Conditional F-statistics for instrument strength:
 F_x1 = 130.31   (ldlcbeta)
 F_x2 = 36.29    (hdlcbeta)
 F_x3 = 40.44    (tgbeta)

. eret list

scalars:
               e(df_r) =  .
                  e(N) =  73
                 e(Np) =  3
                e(phi) =  1.489854303825199
                 e(Qa) =  152.8771057128906
               e(Qadf) =  70
                e(Qap) =  4.10807666471e-08

macros:
            e(cmdline) : "mrmvivw chdbeta ldlcbeta hdlcbeta tgbeta [aw=1/(c.."
                e(cmd) : "mrmvivw"
             e(setype) : "re"
         e(properties) : "b V"

matrices:
                  e(b) :  1 x 3
                  e(V) :  3 x 3
                 e(Fx) :  3 x 1
                 e(Qx) :  3 x 1

. di e(Qa), e(Qadf), e(Qap)
152.87711 70 4.108e-08

. mrmvivw

                                                      Number of genotypes = 73
                                                      Number of phenotypes = 3
                                                Standard errors: Random effect
                                              Residual standard error =  1.490
------------------------------------------------------------------------------
             | Coefficient  Std. err.      z    P>|z|     [95% conf. interval]
-------------+----------------------------------------------------------------
chdbeta      |
    ldlcbeta |     .42862   .0609661     7.03   0.000     .3091286    .5481113
    hdlcbeta |  -.1941989   .1308289    -1.48   0.138    -.4506189    .0622211
      tgbeta |   .2260456   .1232828     1.83   0.067    -.0155842    .4676755
------------------------------------------------------------------------------
 Q_A statistic for instrument validity; chi2(70) = 152.88 (p =  0.0000)
 Conditional F-statistics for instrument strength:
 F_x1 = 130.31   (ldlcbeta)
 F_x2 = 36.29    (hdlcbeta)
 F_x3 = 40.44    (tgbeta)

. eret list

scalars:
               e(df_r) =  .
                  e(N) =  73
                 e(Np) =  3
                e(phi) =  1.489854303825199
                 e(Qa) =  152.8771057128906
               e(Qadf) =  70
                e(Qap) =  4.10807666471e-08

macros:
            e(cmdline) : "mrmvivw chdbeta ldlcbeta hdlcbeta tgbeta [aw=1/(c.."
                e(cmd) : "mrmvivw"
             e(setype) : "re"
         e(properties) : "b V"

matrices:
                  e(b) :  1 x 3
                  e(V) :  3 x 3
                 e(Fx) :  3 x 1
                 e(Qx) :  3 x 1

. di e(Qa), e(Qadf), e(Qap)
152.87711 70 4.108e-08

. assert e(Qa) - 152.877 < 1e-3

. assert e(Qadf) == 70

. assert e(Qap) - 4.108e-8 < 1e-6

. 
. discard

. mvmr chdbeta ldlcbeta hdlcbeta tgbeta [aw=1/(chdse^2)] if sel1==1, ///
>         gxse(ldlcse hdlcse tgse)

                                                      Number of genotypes = 73
                                                      Number of phenotypes = 3
                                                Standard errors: Random effect
                                              Residual standard error =  1.490
------------------------------------------------------------------------------
             | Coefficient  Std. err.      z    P>|z|     [95% conf. interval]
-------------+----------------------------------------------------------------
chdbeta      |
    ldlcbeta |     .42862   .0609661     7.03   0.000     .3091286    .5481113
    hdlcbeta |  -.1941989   .1308289    -1.48   0.138    -.4506189    .0622211
      tgbeta |   .2260456   .1232828     1.83   0.067    -.0155842    .4676755
------------------------------------------------------------------------------
 Q_A statistic for instrument validity; chi2(70) = 152.88 (p =  0.0000)
 Conditional F-statistics for instrument strength:
 F_x1 = 130.31   (ldlcbeta)
 F_x2 = 36.29    (hdlcbeta)
 F_x3 = 40.44    (tgbeta)

. eret list

scalars:
               e(df_r) =  .
                  e(N) =  73
                 e(Np) =  3
                e(phi) =  1.489854303825199
                 e(Qa) =  152.8771057128906
               e(Qadf) =  70
                e(Qap) =  4.10807666471e-08

macros:
            e(cmdline) : "mvmr chdbeta ldlcbeta hdlcbeta tgbeta [aw=1/(chds.."
                e(cmd) : "mvmr"
             e(setype) : "re"
         e(properties) : "b V"

matrices:
                  e(b) :  1 x 3
                  e(V) :  3 x 3
                 e(Fx) :  3 x 1
                 e(Qx) :  3 x 1

. 
. discard

. mvivw chdbeta ldlcbeta hdlcbeta tgbeta [aw=1/(chdse^2)] if sel1==1, ///
>         gxse(ldlcse hdlcse tgse)

                                                      Number of genotypes = 73
                                                      Number of phenotypes = 3
                                                Standard errors: Random effect
                                              Residual standard error =  1.490
------------------------------------------------------------------------------
             | Coefficient  Std. err.      z    P>|z|     [95% conf. interval]
-------------+----------------------------------------------------------------
chdbeta      |
    ldlcbeta |     .42862   .0609661     7.03   0.000     .3091286    .5481113
    hdlcbeta |  -.1941989   .1308289    -1.48   0.138    -.4506189    .0622211
      tgbeta |   .2260456   .1232828     1.83   0.067    -.0155842    .4676755
------------------------------------------------------------------------------
 Q_A statistic for instrument validity; chi2(70) = 152.88 (p =  0.0000)
 Conditional F-statistics for instrument strength:
 F_x1 = 130.31   (ldlcbeta)
 F_x2 = 36.29    (hdlcbeta)
 F_x3 = 40.44    (tgbeta)

. eret list

scalars:
               e(df_r) =  .
                  e(N) =  73
                 e(Np) =  3
                e(phi) =  1.489854303825199
                 e(Qa) =  152.8771057128906
               e(Qadf) =  70
                e(Qap) =  4.10807666471e-08

macros:
            e(cmdline) : "mvivw chdbeta ldlcbeta hdlcbeta tgbeta [aw=1/(chd.."
                e(cmd) : "mvivw"
             e(setype) : "re"
         e(properties) : "b V"

matrices:
                  e(b) :  1 x 3
                  e(V) :  3 x 3
                 e(Fx) :  3 x 1
                 e(Qx) :  3 x 1

. 
. // check for too few SEs specified in gxse()
. discard

. rcof "noi mrmvivw chdbeta ldlcbeta hdlcbeta tgbeta [aw=1/(chdse^2)] if sel1==
> 1, gxse(ldlcse hdlcse)" == 198
The number of variables in gxse() does not match the number of genotype-phenoty
> pe variables

. discard

. rcof "noi mrmvivw chdbeta ldlcbeta hdlcbeta [aw=1/(chdse^2)] if sel1==1, gxse
> (ldlcse hdlcse tgse)" == 198
The number of variables in gxse() does not match the number of genotype-phenoty
> pe variables

. 
. // eret Np - No. phenotypes
. discard

. mrmvivw chdbeta ldlcbeta hdlcbeta tgbeta [aw=1/(chdse^2)] if sel1==1

                                                      Number of genotypes = 73
                                                      Number of phenotypes = 3
                                                Standard errors: Random effect
                                              Residual standard error =  1.490
------------------------------------------------------------------------------
             | Coefficient  Std. err.      z    P>|z|     [95% conf. interval]
-------------+----------------------------------------------------------------
chdbeta      |
    ldlcbeta |     .42862   .0609661     7.03   0.000     .3091286    .5481113
    hdlcbeta |  -.1941989   .1308289    -1.48   0.138    -.4506189    .0622211
      tgbeta |   .2260456   .1232828     1.83   0.067    -.0155842    .4676755
------------------------------------------------------------------------------

. eret list

scalars:
               e(df_r) =  .
                  e(N) =  73
                 e(Np) =  3
                e(phi) =  1.489854303825199

macros:
            e(cmdline) : "mrmvivw chdbeta ldlcbeta hdlcbeta tgbeta [aw=1/(c.."
                e(cmd) : "mrmvivw"
             e(setype) : "re"
         e(properties) : "b V"

matrices:
                  e(b) :  1 x 3
                  e(V) :  3 x 3

. assert e(Np) == 3

. mrmvivw

                                                      Number of genotypes = 73
                                                      Number of phenotypes = 3
                                                Standard errors: Random effect
                                              Residual standard error =  1.490
------------------------------------------------------------------------------
             | Coefficient  Std. err.      z    P>|z|     [95% conf. interval]
-------------+----------------------------------------------------------------
chdbeta      |
    ldlcbeta |     .42862   .0609661     7.03   0.000     .3091286    .5481113
    hdlcbeta |  -.1941989   .1308289    -1.48   0.138    -.4506189    .0622211
      tgbeta |   .2260456   .1232828     1.83   0.067    -.0155842    .4676755
------------------------------------------------------------------------------

. 
. discard

. mrmvivw chdbeta ldlcbeta hdlcbeta [aw=1/(chdse^2)] if sel1==1

                                                      Number of genotypes = 73
                                                      Number of phenotypes = 2
                                                Standard errors: Random effect
                                              Residual standard error =  1.514
------------------------------------------------------------------------------
             | Coefficient  Std. err.      z    P>|z|     [95% conf. interval]
-------------+----------------------------------------------------------------
chdbeta      |
    ldlcbeta |   .4670719   .0581901     8.03   0.000     .3530214    .5811224
    hdlcbeta |  -.2930048   .1211822    -2.42   0.016    -.5305175   -.0554921
------------------------------------------------------------------------------

. eret list

scalars:
               e(df_r) =  .
                  e(N) =  73
                 e(Np) =  2
                e(phi) =  1.51443265923026

macros:
            e(cmdline) : "mrmvivw chdbeta ldlcbeta hdlcbeta [aw=1/(chdse^2).."
                e(cmd) : "mrmvivw"
             e(setype) : "re"
         e(properties) : "b V"

matrices:
                  e(b) :  1 x 2
                  e(V) :  2 x 2

. assert e(Np) == 2

. 
. discard

. mrmvivw chdbeta ldlcbeta [aw=1/(chdse^2)] if sel1==1

                                                      Number of genotypes = 73
                                                      Number of phenotypes = 1
                                                Standard errors: Random effect
                                              Residual standard error =  1.565
------------------------------------------------------------------------------
             | Coefficient  Std. err.      z    P>|z|     [95% conf. interval]
-------------+----------------------------------------------------------------
chdbeta      |
    ldlcbeta |   .4815055   .0597994     8.05   0.000     .3643009    .5987101
------------------------------------------------------------------------------

. eret list

scalars:
               e(df_r) =  .
                  e(N) =  73
                 e(Np) =  1
                e(phi) =  1.564569469111872

macros:
            e(cmdline) : "mrmvivw chdbeta ldlcbeta [aw=1/(chdse^2)] if sel1.."
                e(cmd) : "mrmvivw"
             e(setype) : "re"
         e(properties) : "b V"

matrices:
                  e(b) :  1 x 1
                  e(V) :  1 x 1

. assert e(Np) == 1

. mrmvivw

                                                      Number of genotypes = 73
                                                      Number of phenotypes = 1
                                                Standard errors: Random effect
                                              Residual standard error =  1.565
------------------------------------------------------------------------------
             | Coefficient  Std. err.      z    P>|z|     [95% conf. interval]
-------------+----------------------------------------------------------------
chdbeta      |
    ldlcbeta |   .4815055   .0597994     8.05   0.000     .3643009    .5987101
------------------------------------------------------------------------------

. mat list r(table)

r(table)[9,1]
          chdbeta:
         ldlcbeta
     b  .48150551
    se  .05979938
     z  8.0520154
pvalue  8.144e-16
    ll  .36430088
    ul  .59871014
    df          .
  crit   1.959964
 eform          0

. 
. // qxi ereturned items
. discard

. mvmr chdbeta ldlcbeta hdlcbeta [aw=1/(chdse^2)] if sel1==1, ///
>         gxse(ldlcse hdlcse)

                                                      Number of genotypes = 73
                                                      Number of phenotypes = 2
                                                Standard errors: Random effect
                                              Residual standard error =  1.514
------------------------------------------------------------------------------
             | Coefficient  Std. err.      z    P>|z|     [95% conf. interval]
-------------+----------------------------------------------------------------
chdbeta      |
    ldlcbeta |   .4670719   .0581901     8.03   0.000     .3530214    .5811224
    hdlcbeta |  -.2930048   .1211822    -2.42   0.016    -.5305175   -.0554921
------------------------------------------------------------------------------
 Q_A statistic for instrument validity; chi2(71) = 159.89 (p =  0.0000)
 Conditional F-statistics for instrument strength:
 F_x1 = 134.34   (ldlcbeta)
 F_x2 = 43.78    (hdlcbeta)

. mat qx = e(Qx)

. mat list qx

qx[2,1]
                 Qx
ldlcbeta  9672.6742
hdlcbeta  3151.8795

. assert qx[1,1] - 9672.67 < 1e-2

. assert qx[2,1] - 3151.87 < 1e-2

. mat fx = e(Fx)

. mat list fx

fx[2,1]
                 Fx
ldlcbeta   134.3427
hdlcbeta  43.776104

. assert fx[1,1] - 134.34 < 1e-2

. assert fx[2,1] - 43.78 < 1e-2

. 
. discard

. mrmvivw chdbeta ldlcbeta hdlcbeta tgbeta [aw=1/(chdse^2)] if sel1==1, ///
>         gxse(ldlcse hdlcse tgse)

                                                      Number of genotypes = 73
                                                      Number of phenotypes = 3
                                                Standard errors: Random effect
                                              Residual standard error =  1.490
------------------------------------------------------------------------------
             | Coefficient  Std. err.      z    P>|z|     [95% conf. interval]
-------------+----------------------------------------------------------------
chdbeta      |
    ldlcbeta |     .42862   .0609661     7.03   0.000     .3091286    .5481113
    hdlcbeta |  -.1941989   .1308289    -1.48   0.138    -.4506189    .0622211
      tgbeta |   .2260456   .1232828     1.83   0.067    -.0155842    .4676755
------------------------------------------------------------------------------
 Q_A statistic for instrument validity; chi2(70) = 152.88 (p =  0.0000)
 Conditional F-statistics for instrument strength:
 F_x1 = 130.31   (ldlcbeta)
 F_x2 = 36.29    (hdlcbeta)
 F_x3 = 40.44    (tgbeta)

. eret list

scalars:
               e(df_r) =  .
                  e(N) =  73
                 e(Np) =  3
                e(phi) =  1.489854303825199
                 e(Qa) =  152.8771057128906
               e(Qadf) =  70
                e(Qap) =  4.10807666471e-08

macros:
            e(cmdline) : "mrmvivw chdbeta ldlcbeta hdlcbeta tgbeta [aw=1/(c.."
                e(cmd) : "mrmvivw"
             e(setype) : "re"
         e(properties) : "b V"

matrices:
                  e(b) :  1 x 3
                  e(V) :  3 x 3
                 e(Fx) :  3 x 1
                 e(Qx) :  3 x 1

. mat qx = e(Qx)

. mat list qx

qx[3,1]
                 Qx
ldlcbeta  9252.3618
hdlcbeta  2576.8537
  tgbeta  2870.8934

. mat fx = e(Fx)

. mat list fx

fx[3,1]
                 Fx
ldlcbeta  130.31495
hdlcbeta  36.293714
  tgbeta  40.435119

. assert qx[1,1] - 9252.3618 < 1e-2

. assert qx[2,1] - 2576.8537 < 1e-2

. assert qx[3,1] - 2870.8934 < 1e-2

. assert fx[1,1] - 130.31495 < 1e-2

. assert fx[2,1] - 36.2937 < 1e-2

. assert fx[3,1] - 40.435 < 1e-2

. 
. mrmvivw

                                                      Number of genotypes = 73
                                                      Number of phenotypes = 3
                                                Standard errors: Random effect
                                              Residual standard error =  1.490
------------------------------------------------------------------------------
             | Coefficient  Std. err.      z    P>|z|     [95% conf. interval]
-------------+----------------------------------------------------------------
chdbeta      |
    ldlcbeta |     .42862   .0609661     7.03   0.000     .3091286    .5481113
    hdlcbeta |  -.1941989   .1308289    -1.48   0.138    -.4506189    .0622211
      tgbeta |   .2260456   .1232828     1.83   0.067    -.0155842    .4676755
------------------------------------------------------------------------------
 Q_A statistic for instrument validity; chi2(70) = 152.88 (p =  0.0000)
 Conditional F-statistics for instrument strength:
 F_x1 = 130.31   (ldlcbeta)
 F_x2 = 36.29    (hdlcbeta)
 F_x3 = 40.44    (tgbeta)

. eret list

scalars:
               e(df_r) =  .
                  e(N) =  73
                 e(Np) =  3
                e(phi) =  1.489854303825199
                 e(Qa) =  152.8771057128906
               e(Qadf) =  70
                e(Qap) =  4.10807666471e-08

macros:
            e(cmdline) : "mrmvivw chdbeta ldlcbeta hdlcbeta tgbeta [aw=1/(c.."
                e(cmd) : "mrmvivw"
             e(setype) : "re"
         e(properties) : "b V"

matrices:
                  e(b) :  1 x 3
                  e(V) :  3 x 3
                 e(Fx) :  3 x 1
                 e(Qx) :  3 x 1

. assert e(N) == 73

. assert e(Np) == 3

. assert e(Qa) - 152.877 < 1e-3

. assert e(Qadf) == 70

. mat qx = e(Qx)

. mat list qx

qx[3,1]
                 Qx
ldlcbeta  9252.3618
hdlcbeta  2576.8537
  tgbeta  2870.8934

. mat fx = e(Fx)

. mat list fx

fx[3,1]
                 Fx
ldlcbeta  130.31495
hdlcbeta  36.293714
  tgbeta  40.435119

. assert qx[1,1] - 9252.3618 < 1e-2

. assert qx[2,1] - 2576.8537 < 1e-2

. assert qx[3,1] - 2870.8934 < 1e-2

. assert fx[1,1] - 130.31495 < 1e-2

. assert fx[2,1] - 36.2937 < 1e-2

. assert fx[3,1] - 40.435 < 1e-2

. 
. discard

. mrmvivw chdbeta ldlcbeta [aw=1/(chdse^2)] if sel1==1, ///
>         gxse(ldlcse)

                                                      Number of genotypes = 73
                                                      Number of phenotypes = 1
                                                Standard errors: Random effect
                                              Residual standard error =  1.565
------------------------------------------------------------------------------
             | Coefficient  Std. err.      z    P>|z|     [95% conf. interval]
-------------+----------------------------------------------------------------
chdbeta      |
    ldlcbeta |   .4815055   .0597994     8.05   0.000     .3643009    .5987101
------------------------------------------------------------------------------
 Q_A statistic for instrument validity; chi2(72) = 173.66 (p =  0.0000)

. assert e(Qa) - 173.66 < 1e-2

. assert e(Np) == 1

. assert e(Qadf) == 72

. 
. // tdist
. discard

. mrmvivw chdbeta ldlcbeta hdlcbeta tgbeta [aw=1/(chdse^2)] if sel1==1, ///
>         gxse(ldlcse hdlcse tgse) tdist

                                                      Number of genotypes = 73
                                                      Number of phenotypes = 3
                                                Standard errors: Random effect
                                              Residual standard error =  1.490
------------------------------------------------------------------------------
             | Coefficient  Std. err.      t    P>|t|     [95% conf. interval]
-------------+----------------------------------------------------------------
chdbeta      |
    ldlcbeta |     .42862   .0609661     7.03   0.000     .3070269     .550213
    hdlcbeta |  -.1941989   .1308289    -1.48   0.142    -.4551289    .0667312
      tgbeta |   .2260456   .1232828     1.83   0.071    -.0198342    .4719254
------------------------------------------------------------------------------
 Q_A statistic for instrument validity; chi2(70) = 152.88 (p =  0.0000)
 Conditional F-statistics for instrument strength:
 F_x1 = 130.31   (ldlcbeta)
 F_x2 = 36.29    (hdlcbeta)
 F_x3 = 40.44    (tgbeta)

. di e(df_r)
70

. assert e(df_r) == 70

. mat rtable = r(table)

. assert rtable[7,1] == 70

. mrmvivw

                                                      Number of genotypes = 73
                                                      Number of phenotypes = 3
                                                Standard errors: Random effect
                                              Residual standard error =  1.490
------------------------------------------------------------------------------
             | Coefficient  Std. err.      t    P>|t|     [95% conf. interval]
-------------+----------------------------------------------------------------
chdbeta      |
    ldlcbeta |     .42862   .0609661     7.03   0.000     .3070269     .550213
    hdlcbeta |  -.1941989   .1308289    -1.48   0.142    -.4551289    .0667312
      tgbeta |   .2260456   .1232828     1.83   0.071    -.0198342    .4719254
------------------------------------------------------------------------------
 Q_A statistic for instrument validity; chi2(70) = 152.88 (p =  0.0000)
 Conditional F-statistics for instrument strength:
 F_x1 = 130.31   (ldlcbeta)
 F_x2 = 36.29    (hdlcbeta)
 F_x3 = 40.44    (tgbeta)

. 
. discard

. mrmvivw chdbeta ldlcbeta hdlcbeta tgbeta [aw=1/(chdse^2)] if sel1==1, ///
>         gxse(ldlcse hdlcse tgse)

                                                      Number of genotypes = 73
                                                      Number of phenotypes = 3
                                                Standard errors: Random effect
                                              Residual standard error =  1.490
------------------------------------------------------------------------------
             | Coefficient  Std. err.      z    P>|z|     [95% conf. interval]
-------------+----------------------------------------------------------------
chdbeta      |
    ldlcbeta |     .42862   .0609661     7.03   0.000     .3091286    .5481113
    hdlcbeta |  -.1941989   .1308289    -1.48   0.138    -.4506189    .0622211
      tgbeta |   .2260456   .1232828     1.83   0.067    -.0155842    .4676755
------------------------------------------------------------------------------
 Q_A statistic for instrument validity; chi2(70) = 152.88 (p =  0.0000)
 Conditional F-statistics for instrument strength:
 F_x1 = 130.31   (ldlcbeta)
 F_x2 = 36.29    (hdlcbeta)
 F_x3 = 40.44    (tgbeta)

. mat rtable = r(table)

. assert rtable[7,1] == .

. 
. discard

. mrmvivw chdbeta ldlcbeta hdlcbeta [aw=1/(chdse^2)] if sel1==1, ///
>         gxse(ldlcse hdlcse) tdist

                                                      Number of genotypes = 73
                                                      Number of phenotypes = 2
                                                Standard errors: Random effect
                                              Residual standard error =  1.514
------------------------------------------------------------------------------
             | Coefficient  Std. err.      t    P>|t|     [95% conf. interval]
-------------+----------------------------------------------------------------
chdbeta      |
    ldlcbeta |   .4670719   .0581901     8.03   0.000     .3510441    .5830997
    hdlcbeta |  -.2930048   .1211822    -2.42   0.018    -.5346352   -.0513744
------------------------------------------------------------------------------
 Q_A statistic for instrument validity; chi2(71) = 159.89 (p =  0.0000)
 Conditional F-statistics for instrument strength:
 F_x1 = 134.34   (ldlcbeta)
 F_x2 = 43.78    (hdlcbeta)

. di e(df_r)
71

. assert e(df_r) == 71

. mat rtable = r(table)

. assert rtable[7,1] == 71

. mrmvivw

                                                      Number of genotypes = 73
                                                      Number of phenotypes = 2
                                                Standard errors: Random effect
                                              Residual standard error =  1.514
------------------------------------------------------------------------------
             | Coefficient  Std. err.      t    P>|t|     [95% conf. interval]
-------------+----------------------------------------------------------------
chdbeta      |
    ldlcbeta |   .4670719   .0581901     8.03   0.000     .3510441    .5830997
    hdlcbeta |  -.2930048   .1211822    -2.42   0.018    -.5346352   -.0513744
------------------------------------------------------------------------------
 Q_A statistic for instrument validity; chi2(71) = 159.89 (p =  0.0000)
 Conditional F-statistics for instrument strength:
 F_x1 = 134.34   (ldlcbeta)
 F_x2 = 43.78    (hdlcbeta)

. 
. discard

. mrmvivw chdbeta ldlcbeta [aw=1/(chdse^2)] if sel1==1, ///
>         gxse(ldlcse) tdist

                                                      Number of genotypes = 73
                                                      Number of phenotypes = 1
                                                Standard errors: Random effect
                                              Residual standard error =  1.565
------------------------------------------------------------------------------
             | Coefficient  Std. err.      t    P>|t|     [95% conf. interval]
-------------+----------------------------------------------------------------
chdbeta      |
    ldlcbeta |   .4815055   .0597994     8.05   0.000     .3622976    .6007134
------------------------------------------------------------------------------
 Q_A statistic for instrument validity; chi2(72) = 173.66 (p =  0.0000)

. di e(df_r)
72

. assert e(df_r) == 72

. mat rtable = r(table)

. assert rtable[7,1] == 72

. mrmvivw

                                                      Number of genotypes = 73
                                                      Number of phenotypes = 1
                                                Standard errors: Random effect
                                              Residual standard error =  1.565
------------------------------------------------------------------------------
             | Coefficient  Std. err.      t    P>|t|     [95% conf. interval]
-------------+----------------------------------------------------------------
chdbeta      |
    ldlcbeta |   .4815055   .0597994     8.05   0.000     .3622976    .6007134
------------------------------------------------------------------------------
 Q_A statistic for instrument validity; chi2(72) = 173.66 (p =  0.0000)

. 
. // e(phi)
. discard

. mrmvivw chdbeta ldlcbeta hdlcbeta tgbeta [aw=1/(chdse^2)] if sel1==1

                                                      Number of genotypes = 73
                                                      Number of phenotypes = 3
                                                Standard errors: Random effect
                                              Residual standard error =  1.490
------------------------------------------------------------------------------
             | Coefficient  Std. err.      z    P>|z|     [95% conf. interval]
-------------+----------------------------------------------------------------
chdbeta      |
    ldlcbeta |     .42862   .0609661     7.03   0.000     .3091286    .5481113
    hdlcbeta |  -.1941989   .1308289    -1.48   0.138    -.4506189    .0622211
      tgbeta |   .2260456   .1232828     1.83   0.067    -.0155842    .4676755
------------------------------------------------------------------------------

. assert e(phi) - 1.490 < 1e-3

. 
. discard

. mrmvivw chdbeta ldlcbeta hdlcbeta [aw=1/(chdse^2)] if sel1==1

                                                      Number of genotypes = 73
                                                      Number of phenotypes = 2
                                                Standard errors: Random effect
                                              Residual standard error =  1.514
------------------------------------------------------------------------------
             | Coefficient  Std. err.      z    P>|z|     [95% conf. interval]
-------------+----------------------------------------------------------------
chdbeta      |
    ldlcbeta |   .4670719   .0581901     8.03   0.000     .3530214    .5811224
    hdlcbeta |  -.2930048   .1211822    -2.42   0.016    -.5305175   -.0554921
------------------------------------------------------------------------------

. assert e(phi) - 1.514 < 1e-3

. mrmvivw

                                                      Number of genotypes = 73
                                                      Number of phenotypes = 2
                                                Standard errors: Random effect
                                              Residual standard error =  1.514
------------------------------------------------------------------------------
             | Coefficient  Std. err.      z    P>|z|     [95% conf. interval]
-------------+----------------------------------------------------------------
chdbeta      |
    ldlcbeta |   .4670719   .0581901     8.03   0.000     .3530214    .5811224
    hdlcbeta |  -.2930048   .1211822    -2.42   0.016    -.5305175   -.0554921
------------------------------------------------------------------------------

. assert e(phi) - 1.514 < 1e-3

. 
end of do-file
      name:  mrmvivw
       log:  /Users/tom/Documents/GitHub/mrrobust/cscripts/mrmvivw.log
  log type:  text
 closed on:   1 May 2025, 21:16:36
-------------------------------------------------------------------------------
